[2026-06-25T09:09:24.575Z] GET https://app.staging-1.skipr.co/dashboard/insights → 200 (127ms, 33031B)
[2026-06-25T09:09:24.706Z] GET https://fonts.googleapis.com/css2?family=Inter:wght@400;500;600&display=swap → 200 (59ms, 7521B)
[2026-06-25T09:09:24.706Z] GET https://app.staging-1.skipr.co/fonts/style.css → 200 (40ms, 1264B)
[2026-06-25T09:09:24.706Z] GET https://app.staging-1.skipr.co/fonts/SFMono/SFMonoRegular.otf → 200 (59ms, 93944B)
[2026-06-25T09:09:24.706Z] GET https://app.staging-1.skipr.co/_next/static/css/6e5da5a99035e980.css → 200 (31ms, 36108B)
[2026-06-25T09:09:24.706Z] GET https://app.staging-1.skipr.co/_next/static/chunks/webpack-f3cae68dc8b5747b.js → 200 (47ms, 4039B)
[2026-06-25T09:09:24.706Z] GET https://app.staging-1.skipr.co/_next/static/chunks/framework-f00fddb9800f9292.js → 200 (131ms, 139852B)
[2026-06-25T09:09:24.706Z] GET https://app.staging-1.skipr.co/_next/static/chunks/main-78c3a463e77da729.js → 200 (130ms, 126556B)
[2026-06-25T09:09:24.707Z] GET https://app.staging-1.skipr.co/_next/static/chunks/pages/_app-03cf415fd52509da.js → pending (?ms, ?B)
[2026-06-25T09:09:24.707Z] GET https://app.staging-1.skipr.co/_next/static/chunks/cddd907f-a71fc8a37290d94f.js → 200 (74ms, 59473B)
[2026-06-25T09:09:24.707Z] GET https://app.staging-1.skipr.co/_next/static/chunks/265-4aaaeaae37688074.js → 200 (73ms, 216791B)
[2026-06-25T09:09:24.707Z] GET https://app.staging-1.skipr.co/_next/static/chunks/258-a70dc8ec03285d3c.js → 200 (74ms, 13564B)
[2026-06-25T09:09:24.707Z] GET https://app.staging-1.skipr.co/_next/static/chunks/3383-3138fdd58d7f3cb4.js → 200 (121ms, 46597B)
[2026-06-25T09:09:24.707Z] GET https://app.staging-1.skipr.co/_next/static/chunks/5475-335431e2a7609ab3.js → 200 (129ms, 19849B)
[2026-06-25T09:09:24.707Z] GET https://app.staging-1.skipr.co/_next/static/chunks/7375-79a19f3a40464704.js → 200 (143ms, 39133B)
[2026-06-25T09:09:24.707Z] GET https://app.staging-1.skipr.co/_next/static/chunks/pages/dashboard/insights-f8499464fda7a4f3.js → 200 (130ms, 396B)
[2026-06-25T09:09:24.707Z] GET https://app.staging-1.skipr.co/_next/static/gmLQg7DWAbZSkMU8TR5n4/_buildManifest.js → 200 (143ms, 23233B)
[2026-06-25T09:09:24.707Z] GET https://app.staging-1.skipr.co/_next/static/gmLQg7DWAbZSkMU8TR5n4/_ssgManifest.js → 200 (143ms, 77B)
[2026-06-25T09:09:24.773Z] GET https://fonts.gstatic.com/s/inter/v20/UcC73FwrK3iLTeHuS_nVMrMxCp50SjIa1ZL7W0Q5nw.woff2 → 200 (77ms, 48432B)
[2026-06-25T09:09:25.831Z] GET https://app.staging-1.skipr.co/_next/static/chunks/6072.2f65bddaf60c2547.js → 200 (37ms, 1286B)
[2026-06-25T09:09:25.831Z] GET https://api.staging.skipr.ninja/web/frontend-configurations/app.staging-1.skipr.co → 200 (89ms, 783B)
[2026-06-25T09:09:25.928Z] POST https://o306001.ingest.sentry.io/api/5807977/envelope/?sentry_version=7&sentry_key=d86109e97c204c1e89182bbdddaadc81&sentry_client=sentry.javascript.nextjs%2F8.55.2 → 200 (72ms, 41B)
[2026-06-25T09:09:25.930Z] GET https://tally.so/widgets/embed.js → 200 (73ms, 38906B)
[2026-06-25T09:09:25.930Z] GET https://maps.googleapis.com/maps/api/js?key=AIzaSyDLAOBUvPiZ1y54yyJQl6xEQvDp9vNTd3s&libraries=places → 200 (306ms, 1304736B)
[2026-06-25T09:09:25.966Z] GET https://app.staging-1.skipr.co/image/Logo_Skipr.png → 200 (34ms, 44373B)
[2026-06-25T09:09:25.966Z] GET https://api.staging.skipr.ninja/web/v2/me?tmp=8fe60dc2-0c0b-476f-8b0c-a4a6df46224a → 401 (52ms, 53B)
[2026-06-25T09:09:25.966Z] GET https://app.staging-1.skipr.co/_next/static/chunks/7576-1b28b9d3ea79372e.js → 200 (189ms, 11240B)
[2026-06-25T09:09:25.966Z] GET https://app.staging-1.skipr.co/_next/static/chunks/2252-03b033e3c2a17c4f.js → 200 (54ms, 23496B)
[2026-06-25T09:09:25.966Z] GET https://app.staging-1.skipr.co/_next/static/chunks/557-b9a0bba7475c8e29.js → 200 (34ms, 10769B)
[2026-06-25T09:09:25.966Z] GET https://app.staging-1.skipr.co/_next/static/chunks/7361-4e14764bc9a49754.js → 200 (189ms, 9967B)
[2026-06-25T09:09:25.966Z] GET https://app.staging-1.skipr.co/_next/static/chunks/1946-a4fd8f6fa3df6c5a.js → 200 (56ms, 10521B)
[2026-06-25T09:09:25.966Z] GET https://app.staging-1.skipr.co/_next/static/chunks/pages/auth/sign-in-b459714db773fe6b.js → 200 (188ms, 608B)
[2026-06-25T09:09:26.019Z] POST https://o306001.ingest.sentry.io/api/5807977/envelope/?sentry_version=7&sentry_key=d86109e97c204c1e89182bbdddaadc81&sentry_client=sentry.javascript.nextjs%2F8.55.2 → 200 (145ms, 2B)
[2026-06-25T09:09:26.020Z] POST https://o306001.ingest.sentry.io/api/5807977/envelope/?sentry_version=7&sentry_key=d86109e97c204c1e89182bbdddaadc81&sentry_client=sentry.javascript.nextjs%2F8.55.2 → 200 (137ms, 2B)
[2026-06-25T09:09:26.164Z] GET https://api.staging.skipr.ninja/web/frontend-configurations/app.staging-1.skipr.co → 200 (31ms, 783B)
[2026-06-25T09:09:26.176Z] GET https://app.staging-1.skipr.co/image/Logo_Skipr.png → 200 (33ms, 44373B)
[2026-06-25T09:09:26.288Z] GET https://maps.googleapis.com/maps/api/mapsjs/gen_204?csp_test=true → 200 (44ms, 3B)
[2026-06-25T09:09:26.301Z] GET https://maps.googleapis.com/maps/api/mapsjs/gen_204?csp_test=true → 200 (23ms, 3B)
